[2026-05-10 17:33:23] ALERT: AWS: stale log ( minutes old); GCP: stale log ( minutes old); Azure: stale log ( minutes old)
[2026-05-10 20:41:57] ALERT: AWS: stale log ( minutes old); GCP: stale log ( minutes old); Azure: stale log ( minutes old)
[2026-05-11 14:33:26] ALERT: AWS: stale log ( minutes old); GCP: stale log ( minutes old)
[2026-05-12 18:58:40] ALERT: AWS: stale log ( minutes old); GCP: stale log ( minutes old); Azure: stale log ( minutes old)
[2026-05-13 08:15:54] ALERT: AWS: stale log ( minutes old); GCP: stale log ( minutes old); Azure: stale log ( minutes old)
[2026-05-13 09:15:04] ALERT: GCP: no success marker in recent log lines; Azure: no success marker in recent log lines
[2026-05-13 10:00:02] ALERT: GCP: no success marker in recent log lines; Azure: no success marker in recent log lines
[2026-05-13 10:45:02] ALERT: GCP: no success marker in recent log lines; Azure: no success marker in recent log lines
[2026-05-13 11:30:02] ALERT: GCP: no success marker in recent log lines; Azure: no success marker in recent log lines
[2026-05-13 12:15:02] ALERT: GCP: no success marker in recent log lines; Azure: no success marker in recent log lines
[2026-05-14 07:00:03] ALERT: AWS: no success marker in recent log lines; GCP: no success marker in recent log lines; Azure: no success marker in recent log lines
[2026-05-14 07:51:57] ALERT: GCP: no success marker in recent log lines; Azure: no success marker in recent log lines
[2026-05-14 08:30:03] ALERT: GCP: no success marker in recent log lines; Azure: no success marker in recent log lines
[2026-05-14 16:00:04] ALERT: AWS: stale log ( minutes old); GCP: stale log ( minutes old); Azure: no success marker in recent log lines
[2026-05-14 16:45:03] ALERT: GCP: no success marker in recent log lines; Azure: no success marker in recent log lines
[2026-05-14 17:30:03] ALERT: GCP: no success marker in recent log lines; Azure: no success marker in recent log lines
[2026-05-14 18:15:03] ALERT: GCP: no success marker in recent log lines; Azure: no success marker in recent log lines
[2026-05-14 20:06:15] ALERT: AWS: stale log ( minutes old); GCP: stale log ( minutes old); Azure: stale log ( minutes old)
[2026-05-14 20:30:02] ALERT: GCP: no success marker in recent log lines; Azure: no success marker in recent log lines
[2026-05-15 06:45:56] ALERT: AWS: stale log ( minutes old); GCP: stale log ( minutes old); Azure: stale log ( minutes old)
[2026-05-15 07:00:03] ALERT: GCP: no success marker in recent log lines; Azure: no success marker in recent log lines
[2026-05-15 07:49:57] ALERT: GCP: no success marker in recent log lines; Azure: stale log ( minutes old)
[2026-05-15 10:13:06] ALERT: AWS: stale log ( minutes old); GCP: stale log ( minutes old); Azure: stale log ( minutes old)
[2026-05-15 10:45:03] ALERT: GCP: no success marker in recent log lines; Azure: no success marker in recent log lines
[2026-05-15 11:30:03] ALERT: AWS: stale log ( minutes old); GCP: stale log ( minutes old); Azure: no success marker in recent log lines
[2026-05-15 12:15:03] ALERT: GCP: no success marker in recent log lines; Azure: no success marker in recent log lines
[2026-05-15 13:00:03] ALERT: AWS: no success marker in recent log lines; GCP: no success marker in recent log lines; Azure: no success marker in recent log lines
[2026-05-15 13:45:03] ALERT: GCP: no success marker in recent log lines; Azure: no success marker in recent log lines
[2026-05-15 16:12:18] ALERT: AWS: stale log ( minutes old); GCP: stale log ( minutes old); Azure: stale log ( minutes old)
[2026-05-16 12:23:55] ALERT: AWS: stale log ( minutes old); GCP: stale log ( minutes old); Azure: stale log ( minutes old)
[2026-05-16 13:00:02] ALERT: GCP: no success marker in recent log lines; Azure: no success marker in recent log lines
[2026-05-17 08:29:10] ALERT: AWS: stale log ( minutes old); GCP: stale log ( minutes old); Azure: stale log ( minutes old)
[2026-05-17 09:15:02] ALERT: GCP: no success marker in recent log lines; Azure: no success marker in recent log lines
[2026-05-17 10:45:03] ALERT: GCP: no success marker in recent log lines; Azure: no success marker in recent log lines
[2026-05-17 11:30:03] ALERT: GCP: no success marker in recent log lines; Azure: no success marker in recent log lines
[2026-05-17 12:15:03] ALERT: GCP: no success marker in recent log lines; Azure: no success marker in recent log lines
[2026-05-17 13:00:03] ALERT: GCP: no success marker in recent log lines; Azure: no success marker in recent log lines
[2026-05-17 16:01:43] ALERT: AWS: stale log ( minutes old); GCP: stale log ( minutes old); Azure: stale log ( minutes old)
[2026-05-17 17:29:01] ALERT: AWS: stale log ( minutes old); GCP: stale log ( minutes old); Azure: stale log ( minutes old)
[2026-05-17 17:30:03] ALERT: GCP: no success marker in recent log lines; Azure: no success marker in recent log lines
[2026-05-17 18:15:02] ALERT: GCP: no success marker in recent log lines; Azure: no success marker in recent log lines
[2026-05-18 10:00:34] ALERT: AWS: stale log ( minutes old); GCP: stale log ( minutes old); Azure: stale log ( minutes old)
[2026-05-18 10:45:02] ALERT: GCP: no success marker in recent log lines; Azure: no success marker in recent log lines
[2026-05-18 11:30:05] ALERT: GCP: no success marker in recent log lines; Azure: no success marker in recent log lines
[2026-05-18 12:40:45] ALERT: AWS: stale log ( minutes old); GCP: stale log ( minutes old); Azure: stale log ( minutes old)
[2026-05-18 13:00:03] ALERT: GCP: no success marker in recent log lines; Azure: no success marker in recent log lines
[2026-05-18 14:09:05] ALERT: AWS: stale log ( minutes old); GCP: stale log ( minutes old); Azure: stale log ( minutes old)
[2026-05-18 14:30:02] ALERT: GCP: no success marker in recent log lines; Azure: no success marker in recent log lines
[2026-05-18 15:15:02] ALERT: GCP: no success marker in recent log lines; Azure: no success marker in recent log lines
[2026-05-18 16:00:02] ALERT: GCP: no success marker in recent log lines; Azure: no success marker in recent log lines
[2026-05-18 16:45:02] ALERT: GCP: no success marker in recent log lines; Azure: no success marker in recent log lines
[2026-05-18 17:30:02] ALERT: GCP: no success marker in recent log lines; Azure: no success marker in recent log lines
[2026-05-19 10:45:03] ALERT: GCP: no success marker in recent log lines; Azure: no success marker in recent log lines
[2026-05-19 11:30:02] ALERT: GCP: no success marker in recent log lines; Azure: no success marker in recent log lines
[2026-05-19 12:15:02] ALERT: GCP: no success marker in recent log lines; Azure: no success marker in recent log lines
[2026-05-19 13:00:02] ALERT: GCP: no success marker in recent log lines; Azure: no success marker in recent log lines
[2026-05-19 14:03:41] ALERT: AWS: stale log ( minutes old); GCP: stale log ( minutes old); Azure: stale log ( minutes old)
[2026-05-19 14:30:03] ALERT: GCP: no success marker in recent log lines; Azure: no success marker in recent log lines
[2026-05-19 15:15:02] ALERT: GCP: no success marker in recent log lines; Azure: no success marker in recent log lines
[2026-05-19 16:00:02] ALERT: GCP: no success marker in recent log lines; Azure: no success marker in recent log lines
[2026-05-19 16:45:03] ALERT: GCP: no success marker in recent log lines; Azure: no success marker in recent log lines
[2026-05-19 17:30:03] ALERT: GCP: no success marker in recent log lines; Azure: no success marker in recent log lines
[2026-05-20 11:16:02] ALERT: GCP: no success marker in recent log lines; Azure: stale log ( minutes old)
[2026-05-20 12:03:03] ALERT: AWS: stale log ( minutes old); GCP: stale log ( minutes old); Azure: no success marker in recent log lines
[2026-05-20 12:46:26] ALERT: GCP: no success marker in recent log lines; Azure: no success marker in recent log lines
[2026-05-20 14:19:55] ALERT: AWS: stale log ( minutes old); GCP: stale log ( minutes old); Azure: stale log ( minutes old)
[2026-05-20 14:30:03] ALERT: AWS: stale log ( minutes old); GCP: stale log ( minutes old); Azure: no success marker in recent log lines
[2026-05-20 15:15:04] ALERT: GCP: no success marker in recent log lines; Azure: no success marker in recent log lines
[2026-05-20 16:00:03] ALERT: GCP: no success marker in recent log lines; Azure: no success marker in recent log lines
[2026-05-20 17:30:03] ALERT: AWS: stale log ( minutes old); GCP: stale log ( minutes old); Azure: no success marker in recent log lines
[2026-05-21 10:00:03] ALERT: AWS: no success marker in recent log lines; GCP: no success marker in recent log lines; Azure: stale log ( minutes old)
[2026-05-21 10:18:00] ALERT: GCP: no success marker in recent log lines; Azure: stale log ( minutes old)
[2026-05-21 10:45:04] ALERT: GCP: no success marker in recent log lines; Azure: no success marker in recent log lines
[2026-05-21 11:30:03] ALERT: GCP: no success marker in recent log lines; Azure: no success marker in recent log lines
[2026-05-21 12:15:02] ALERT: GCP: no success marker in recent log lines; Azure: no success marker in recent log lines
[2026-05-21 13:44:11] ALERT: AWS: stale log ( minutes old); GCP: stale log ( minutes old); Azure: stale log ( minutes old)
[2026-05-21 13:45:02] ALERT: GCP: no success marker in recent log lines; Azure: no success marker in recent log lines
[2026-05-21 14:30:02] ALERT: GCP: no success marker in recent log lines; Azure: no success marker in recent log lines
[2026-05-21 15:15:02] ALERT: GCP: no success marker in recent log lines; Azure: no success marker in recent log lines
[2026-05-21 16:00:02] ALERT: GCP: no success marker in recent log lines; Azure: no success marker in recent log lines
[2026-05-21 16:50:41] ALERT: GCP: no success marker in recent log lines; Azure: no success marker in recent log lines
[2026-05-21 17:30:03] ALERT: GCP: no success marker in recent log lines; Azure: no success marker in recent log lines
[2026-05-22 09:46:22] ALERT: AWS: stale log ( minutes old); GCP: stale log ( minutes old); Azure: stale log ( minutes old)
[2026-05-22 10:00:02] ALERT: AWS: stale log ( minutes old); GCP: stale log ( minutes old); Azure: no success marker in recent log lines
[2026-05-22 10:45:03] ALERT: GCP: no success marker in recent log lines; Azure: no success marker in recent log lines
[2026-05-22 11:30:02] ALERT: GCP: no success marker in recent log lines; Azure: no success marker in recent log lines
[2026-05-22 12:15:07] ALERT: GCP: no success marker in recent log lines; Azure: no success marker in recent log lines
[2026-05-22 13:00:02] ALERT: GCP: no success marker in recent log lines; Azure: no success marker in recent log lines
[2026-05-22 13:45:02] ALERT: AWS: no success marker in recent log lines; GCP: no success marker in recent log lines; Azure: no success marker in recent log lines
[2026-05-22 14:30:02] ALERT: AWS: no success marker in recent log lines; GCP: no success marker in recent log lines; Azure: no success marker in recent log lines
[2026-05-22 15:15:02] ALERT: AWS: no success marker in recent log lines; GCP: no success marker in recent log lines; Azure: no success marker in recent log lines
[2026-05-22 17:50:52] ALERT: AWS: stale log ( minutes old); GCP: stale log ( minutes old); Azure: stale log ( minutes old)
[2026-05-22 18:15:03] ALERT: AWS: no success marker in recent log lines; GCP: no success marker in recent log lines; Azure: no success marker in recent log lines
[2026-05-22 19:00:03] ALERT: AWS: no success marker in recent log lines; GCP: no success marker in recent log lines; Azure: no success marker in recent log lines
[2026-05-23 08:32:30] ALERT: AWS: stale log ( minutes old); GCP: stale log ( minutes old); Azure: stale log ( minutes old)
[2026-05-23 09:20:52] ALERT: AWS: no success marker in recent log lines; GCP: no success marker in recent log lines; Azure: no success marker in recent log lines
[2026-05-23 10:00:02] ALERT: AWS: no success marker in recent log lines; GCP: no success marker in recent log lines; Azure: no success marker in recent log lines
[2026-05-23 11:42:24] ALERT: AWS: no success marker in recent log lines; GCP: stale log ( minutes old); Azure: stale log ( minutes old)
[2026-05-23 12:15:03] ALERT: AWS: no success marker in recent log lines; GCP: no success marker in recent log lines; Azure: no success marker in recent log lines
[2026-05-23 13:00:03] ALERT: AWS: no success marker in recent log lines; GCP: no success marker in recent log lines; Azure: no success marker in recent log lines
[2026-05-23 17:09:06] ALERT: AWS: stale log ( minutes old); GCP: stale log ( minutes old); Azure: stale log ( minutes old)
[2026-05-23 19:09:21] ALERT: AWS: stale log ( minutes old); GCP: stale log ( minutes old); Azure: stale log ( minutes old)
[2026-05-23 19:45:03] ALERT: AWS: no success marker in recent log lines; GCP: no success marker in recent log lines; Azure: no success marker in recent log lines
[2026-05-23 20:30:02] ALERT: AWS: no success marker in recent log lines; GCP: no success marker in recent log lines; Azure: no success marker in recent log lines
[2026-05-24 11:30:03] ALERT: AWS: no success marker in recent log lines; GCP: no success marker in recent log lines; Azure: no success marker in recent log lines
[2026-05-24 12:15:02] ALERT: AWS: no success marker in recent log lines; GCP: no success marker in recent log lines; Azure: no success marker in recent log lines
[2026-05-24 13:00:03] ALERT: AWS: no success marker in recent log lines; GCP: no success marker in recent log lines; Azure: no success marker in recent log lines
[2026-05-25 10:00:05] ALERT: AWS: stale log ( minutes old); GCP: stale log ( minutes old); Azure: stale log ( minutes old)
[2026-05-25 11:15:15] ALERT: AWS: stale log ( minutes old); GCP: stale log ( minutes old); Azure: stale log ( minutes old)
[2026-05-25 11:30:03] ALERT: AWS: no success marker in recent log lines; GCP: no success marker in recent log lines; Azure: no success marker in recent log lines
[2026-05-25 12:15:03] ALERT: AWS: no success marker in recent log lines; GCP: no success marker in recent log lines; Azure: no success marker in recent log lines
[2026-05-25 13:00:04] ALERT: AWS: no success marker in recent log lines; GCP: no success marker in recent log lines; Azure: no success marker in recent log lines
[2026-05-25 18:32:38] ALERT: AWS: stale log ( minutes old); GCP: stale log ( minutes old); Azure: stale log ( minutes old)
[2026-05-25 19:00:03] ALERT: AWS: no success marker in recent log lines; GCP: no success marker in recent log lines; Azure: no success marker in recent log lines
[2026-05-25 19:45:03] ALERT: AWS: no success marker in recent log lines; GCP: no success marker in recent log lines; Azure: no success marker in recent log lines
[2026-05-25 20:30:03] ALERT: AWS: no success marker in recent log lines; GCP: no success marker in recent log lines; Azure: no success marker in recent log lines
[2026-05-25 23:34:48] ALERT: AWS: no success marker in recent log lines; GCP: stale log ( minutes old); Azure: stale log ( minutes old)
[2026-05-26 07:05:36] ALERT: AWS: no success marker in recent log lines; GCP: stale log ( minutes old); Azure: stale log ( minutes old)
[2026-05-26 07:45:02] ALERT: AWS: no success marker in recent log lines; GCP: no success marker in recent log lines; Azure: no success marker in recent log lines
[2026-05-26 10:00:03] ALERT: AWS: stale log ( minutes old); GCP: stale log ( minutes old); Azure: no success marker in recent log lines
[2026-05-26 10:45:04] ALERT: AWS: no success marker in recent log lines; GCP: no success marker in recent log lines; Azure: no success marker in recent log lines
[2026-05-26 12:15:05] ALERT: AWS: no success marker in recent log lines; GCP: no success marker in recent log lines; Azure: no success marker in recent log lines
[2026-05-26 19:44:24] ALERT: AWS: no success marker in recent log lines; GCP: stale log ( minutes old); Azure: stale log ( minutes old)
[2026-05-26 19:45:06] ALERT: AWS: no success marker in recent log lines; GCP: no success marker in recent log lines; Azure: stale log ( minutes old)
[2026-05-26 20:30:03] ALERT: AWS: no success marker in recent log lines; GCP: no success marker in recent log lines; Azure: no success marker in recent log lines
[2026-05-27 06:48:10] ALERT: AWS: stale log ( minutes old); GCP: stale log ( minutes old); Azure: stale log ( minutes old)
[2026-05-27 07:00:03] ALERT: AWS: no success marker in recent log lines; GCP: no success marker in recent log lines; Azure: no success marker in recent log lines
[2026-05-27 07:45:02] ALERT: AWS: no success marker in recent log lines; GCP: no success marker in recent log lines; Azure: no success marker in recent log lines
[2026-05-27 08:30:03] ALERT: AWS: no success marker in recent log lines; GCP: no success marker in recent log lines; Azure: no success marker in recent log lines
[2026-05-27 14:30:06] ALERT: AWS: no success marker in recent log lines; GCP: no success marker in recent log lines; Azure: no success marker in recent log lines
[2026-05-28 13:32:10] ALERT: AWS: stale log ( minutes old); GCP: stale log ( minutes old); Azure: stale log ( minutes old)
[2026-05-28 13:45:03] ALERT: AWS: no success marker in recent log lines; GCP: no success marker in recent log lines; Azure: no success marker in recent log lines
[2026-05-28 14:30:03] ALERT: AWS: no success marker in recent log lines; GCP: no success marker in recent log lines; Azure: no success marker in recent log lines
[2026-05-28 17:50:02] ALERT: AWS: stale log ( minutes old); GCP: stale log ( minutes old); Azure: stale log ( minutes old)
[2026-05-28 18:15:03] ALERT: AWS: no success marker in recent log lines; GCP: no success marker in recent log lines; Azure: no success marker in recent log lines
[2026-05-28 19:00:03] ALERT: AWS: no success marker in recent log lines; GCP: no success marker in recent log lines; Azure: no success marker in recent log lines
[2026-05-28 19:45:03] ALERT: AWS: no success marker in recent log lines; GCP: no success marker in recent log lines; Azure: no success marker in recent log lines
[2026-05-29 10:00:05] ALERT: AWS: stale log ( minutes old); GCP: stale log ( minutes old); Azure: no success marker in recent log lines
[2026-05-29 10:45:03] ALERT: AWS: no success marker in recent log lines; GCP: no success marker in recent log lines; Azure: no success marker in recent log lines
[2026-05-29 11:30:03] ALERT: AWS: no success marker in recent log lines; GCP: no success marker in recent log lines; Azure: no success marker in recent log lines
[2026-05-29 12:15:03] ALERT: AWS: no success marker in recent log lines; GCP: no success marker in recent log lines; Azure: no success marker in recent log lines
[2026-05-29 13:01:51] ALERT: AWS: no success marker in recent log lines; GCP: no success marker in recent log lines; Azure: no success marker in recent log lines
[2026-05-29 14:05:34] ALERT: AWS: stale log ( minutes old); GCP: stale log ( minutes old); Azure: stale log ( minutes old)
[2026-05-29 14:30:05] ALERT: AWS: no success marker in recent log lines; GCP: no success marker in recent log lines; Azure: no success marker in recent log lines
[2026-05-29 15:15:06] ALERT: AWS: no success marker in recent log lines; GCP: no success marker in recent log lines; Azure: no success marker in recent log lines
[2026-05-29 16:00:06] ALERT: AWS: no success marker in recent log lines; GCP: no success marker in recent log lines; Azure: no success marker in recent log lines
[2026-05-29 17:30:09] ALERT: AWS: no success marker in recent log lines; GCP: no success marker in recent log lines; Azure: no success marker in recent log lines
[2026-05-30 07:42:06] ALERT: AWS: stale log ( minutes old); GCP: stale log ( minutes old); Azure: stale log ( minutes old)
[2026-05-30 07:45:03] ALERT: AWS: no success marker in recent log lines; GCP: no success marker in recent log lines; Azure: no success marker in recent log lines
[2026-05-30 08:30:03] ALERT: AWS: no success marker in recent log lines; GCP: no success marker in recent log lines; Azure: no success marker in recent log lines
[2026-05-30 09:15:04] ALERT: AWS: no success marker in recent log lines; GCP: no success marker in recent log lines; Azure: no success marker in recent log lines
[2026-05-30 10:00:05] ALERT: AWS: no success marker in recent log lines; GCP: no success marker in recent log lines; Azure: no success marker in recent log lines
[2026-05-30 11:44:26] ALERT: AWS: stale log ( minutes old); GCP: stale log ( minutes old); Azure: stale log ( minutes old)
[2026-05-30 12:52:58] ALERT: AWS: stale log ( minutes old); GCP: stale log ( minutes old); Azure: stale log ( minutes old)
[2026-05-30 13:00:02] ALERT: AWS: no success marker in recent log lines; GCP: no success marker in recent log lines; Azure: no success marker in recent log lines
[2026-05-30 15:48:28] ALERT: AWS: stale log ( minutes old); GCP: stale log ( minutes old); Azure: stale log ( minutes old)
[2026-05-31 08:34:59] ALERT: AWS: stale log ( minutes old); GCP: stale log ( minutes old); Azure: stale log ( minutes old)
[2026-05-31 09:15:03] ALERT: AWS: no success marker in recent log lines; GCP: no success marker in recent log lines; Azure: no success marker in recent log lines
[2026-05-31 10:00:04] ALERT: AWS: no success marker in recent log lines; GCP: no success marker in recent log lines; Azure: no success marker in recent log lines
[2026-05-31 10:45:03] ALERT: AWS: no success marker in recent log lines; GCP: no success marker in recent log lines; Azure: no success marker in recent log lines
[2026-05-31 12:16:21] ALERT: AWS: stale log ( minutes old); GCP: stale log ( minutes old); Azure: stale log ( minutes old)
[2026-05-31 13:00:04] ALERT: AWS: no success marker in recent log lines; GCP: no success marker in recent log lines; Azure: no success marker in recent log lines
[2026-05-31 13:45:05] ALERT: AWS: no success marker in recent log lines; GCP: no success marker in recent log lines; Azure: no success marker in recent log lines
[2026-05-31 14:31:50] ALERT: AWS: stale log ( minutes old); GCP: stale log ( minutes old); Azure: no success marker in recent log lines
[2026-05-31 15:15:04] ALERT: AWS: no success marker in recent log lines; GCP: no success marker in recent log lines; Azure: no success marker in recent log lines
[2026-05-31 18:29:51] ALERT: AWS: stale log ( minutes old); GCP: stale log ( minutes old); Azure: stale log ( minutes old)
[2026-05-31 19:00:02] ALERT: AWS: no success marker in recent log lines; GCP: no success marker in recent log lines; Azure: no success marker in recent log lines
[2026-05-31 19:48:22] ALERT: AWS: no success marker in recent log lines; GCP: no success marker in recent log lines; Azure: no success marker in recent log lines
[2026-05-31 20:31:59] ALERT: AWS: no success marker in recent log lines; GCP: no success marker in recent log lines; Azure: no success marker in recent log lines
[2026-06-01 10:00:02] ALERT: AWS: stale log ( minutes old); GCP: stale log ( minutes old); Azure: no success marker in recent log lines
[2026-06-01 10:45:02] ALERT: AWS: no success marker in recent log lines; GCP: no success marker in recent log lines; Azure: no success marker in recent log lines
[2026-06-01 11:30:05] ALERT: AWS: no success marker in recent log lines; GCP: no success marker in recent log lines; Azure: no success marker in recent log lines
[2026-06-01 12:15:03] ALERT: AWS: no success marker in recent log lines; GCP: no success marker in recent log lines; Azure: no success marker in recent log lines
[2026-06-01 13:00:03] ALERT: AWS: no success marker in recent log lines; GCP: no success marker in recent log lines; Azure: no success marker in recent log lines
[2026-06-01 13:56:08] ALERT: AWS: stale log ( minutes old); GCP: stale log ( minutes old); Azure: stale log ( minutes old)
[2026-06-01 14:30:03] ALERT: AWS: no success marker in recent log lines; GCP: no success marker in recent log lines; Azure: no success marker in recent log lines
[2026-06-01 15:15:03] ALERT: AWS: no success marker in recent log lines; GCP: no success marker in recent log lines; Azure: no success marker in recent log lines
[2026-06-01 16:00:02] ALERT: AWS: no success marker in recent log lines; GCP: no success marker in recent log lines; Azure: no success marker in recent log lines
[2026-06-01 16:45:03] ALERT: AWS: no success marker in recent log lines; GCP: no success marker in recent log lines; Azure: no success marker in recent log lines
[2026-06-01 17:35:06] ALERT: AWS: stale log ( minutes old); GCP: stale log ( minutes old); Azure: no success marker in recent log lines
[2026-06-02 09:15:04] ALERT: AWS: no success marker in recent log lines; GCP: no success marker in recent log lines; Azure: no success marker in recent log lines
[2026-06-02 10:00:02] ALERT: AWS: no success marker in recent log lines; GCP: no success marker in recent log lines; Azure: no success marker in recent log lines
[2026-06-02 12:35:30] ALERT: AWS: stale log ( minutes old); GCP: stale log ( minutes old); Azure: stale log ( minutes old)
[2026-06-02 13:30:16] ALERT: AWS: no success marker in recent log lines; GCP: stale log ( minutes old); Azure: stale log ( minutes old)
[2026-06-02 15:48:05] ALERT: AWS: stale log ( minutes old); GCP: stale log ( minutes old); Azure: stale log ( minutes old)
[2026-06-02 17:55:23] ALERT: AWS: stale log ( minutes old); GCP: stale log ( minutes old); Azure: stale log ( minutes old)
[2026-06-02 18:15:02] ALERT: AWS: no success marker in recent log lines; GCP: no success marker in recent log lines; Azure: no success marker in recent log lines
[2026-06-02 19:00:02] ALERT: AWS: no success marker in recent log lines; GCP: no success marker in recent log lines; Azure: no success marker in recent log lines
[2026-06-02 19:45:02] ALERT: AWS: no success marker in recent log lines; GCP: no success marker in recent log lines; Azure: no success marker in recent log lines
[2026-06-03 10:00:03] ALERT: AWS: stale log ( minutes old); GCP: stale log ( minutes old); Azure: stale log ( minutes old)
[2026-06-03 10:54:02] ALERT: AWS: no success marker in recent log lines; GCP: no success marker in recent log lines; Azure: no success marker in recent log lines
[2026-06-03 11:30:02] ALERT: AWS: no success marker in recent log lines; GCP: no success marker in recent log lines; Azure: no success marker in recent log lines
[2026-06-03 12:15:02] ALERT: AWS: no success marker in recent log lines; GCP: no success marker in recent log lines; Azure: no success marker in recent log lines
[2026-06-03 13:00:02] ALERT: AWS: no success marker in recent log lines; GCP: no success marker in recent log lines; Azure: no success marker in recent log lines
[2026-06-03 14:59:45] ALERT: AWS: no success marker in recent log lines; GCP: no success marker in recent log lines; Azure: stale log ( minutes old)
[2026-06-03 15:15:02] ALERT: AWS: no success marker in recent log lines; GCP: no success marker in recent log lines; Azure: no success marker in recent log lines
[2026-06-03 16:00:03] ALERT: AWS: no success marker in recent log lines; GCP: no success marker in recent log lines; Azure: no success marker in recent log lines
[2026-06-03 16:45:03] ALERT: AWS: no success marker in recent log lines; GCP: no success marker in recent log lines; Azure: no success marker in recent log lines
[2026-06-03 18:49:52] ALERT: AWS: stale log ( minutes old); GCP: stale log ( minutes old); Azure: stale log ( minutes old)
[2026-06-03 19:00:03] ALERT: AWS: no success marker in recent log lines; GCP: no success marker in recent log lines; Azure: no success marker in recent log lines
[2026-06-03 19:45:02] ALERT: AWS: no success marker in recent log lines; GCP: no success marker in recent log lines; Azure: no success marker in recent log lines
[2026-06-04 11:30:03] ALERT: AWS: no success marker in recent log lines; GCP: no success marker in recent log lines; Azure: no success marker in recent log lines
[2026-06-04 12:35:27] ALERT: AWS: stale log ( minutes old); GCP: stale log ( minutes old); Azure: stale log ( minutes old)
[2026-06-04 13:25:31] ALERT: AWS: no success marker in recent log lines; GCP: no success marker in recent log lines; Azure: no success marker in recent log lines
[2026-06-04 13:45:02] ALERT: AWS: no success marker in recent log lines; GCP: no success marker in recent log lines; Azure: stale log ( minutes old)
[2026-06-04 14:30:02] ALERT: AWS: no success marker in recent log lines; GCP: no success marker in recent log lines; Azure: no success marker in recent log lines
[2026-06-04 15:15:03] ALERT: AWS: no success marker in recent log lines; GCP: no success marker in recent log lines; Azure: no success marker in recent log lines
[2026-06-04 16:00:03] ALERT: AWS: no success marker in recent log lines; GCP: no success marker in recent log lines; Azure: no success marker in recent log lines
[2026-06-04 17:04:00] ALERT: AWS: stale log ( minutes old); GCP: stale log ( minutes old); Azure: no success marker in recent log lines
[2026-06-04 17:30:03] ALERT: AWS: no success marker in recent log lines; GCP: no success marker in recent log lines; Azure: no success marker in recent log lines
[2026-06-05 10:00:03] ALERT: AWS: stale log ( minutes old); GCP: stale log ( minutes old); Azure: no success marker in recent log lines
[2026-06-05 10:45:02] ALERT: AWS: no success marker in recent log lines; GCP: no success marker in recent log lines; Azure: no success marker in recent log lines
[2026-06-05 11:30:03] ALERT: AWS: no success marker in recent log lines; GCP: no success marker in recent log lines; Azure: no success marker in recent log lines
[2026-06-05 12:15:03] ALERT: AWS: no success marker in recent log lines; GCP: no success marker in recent log lines; Azure: no success marker in recent log lines
[2026-06-05 14:30:03] ALERT: AWS: no success marker in recent log lines; GCP: no success marker in recent log lines; Azure: no success marker in recent log lines
[2026-06-05 15:26:13] ALERT: AWS: no success marker in recent log lines; GCP: no success marker in recent log lines; Azure: stale log ( minutes old)
[2026-06-05 16:00:02] ALERT: AWS: no success marker in recent log lines; GCP: no success marker in recent log lines; Azure: no success marker in recent log lines
[2026-06-05 17:04:52] ALERT: AWS: no success marker in recent log lines; GCP: no success marker in recent log lines; Azure: no success marker in recent log lines
[2026-06-05 17:30:02] ALERT: AWS: no success marker in recent log lines; GCP: no success marker in recent log lines; Azure: no success marker in recent log lines
[2026-06-06 13:44:55] ALERT: AWS: no success marker in recent log lines; GCP: stale log ( minutes old); Azure: stale log ( minutes old)
[2026-06-06 13:45:02] ALERT: AWS: no success marker in recent log lines; GCP: no success marker in recent log lines; Azure: stale log ( minutes old)
[2026-06-06 14:30:02] ALERT: AWS: no success marker in recent log lines; GCP: no success marker in recent log lines; Azure: no success marker in recent log lines
[2026-06-06 16:49:40] ALERT: AWS: stale log ( minutes old); GCP: stale log ( minutes old); Azure: stale log ( minutes old)
[2026-06-06 17:46:04] ALERT: AWS: stale log ( minutes old); GCP: stale log ( minutes old); Azure: stale log ( minutes old)
[2026-06-06 18:15:03] ALERT: AWS: no success marker in recent log lines; GCP: no success marker in recent log lines; Azure: no success marker in recent log lines
[2026-06-06 19:00:02] ALERT: AWS: no success marker in recent log lines; GCP: no success marker in recent log lines; Azure: no success marker in recent log lines
[2026-06-07 09:15:03] ALERT: AWS: stale log ( minutes old); GCP: stale log ( minutes old); Azure: no success marker in recent log lines
[2026-06-07 10:00:02] ALERT: AWS: no success marker in recent log lines; GCP: no success marker in recent log lines; Azure: no success marker in recent log lines
[2026-06-07 11:32:35] ALERT: AWS: stale log ( minutes old); GCP: stale log ( minutes old); Azure: stale log ( minutes old)
[2026-06-07 12:15:03] ALERT: AWS: no success marker in recent log lines; GCP: no success marker in recent log lines; Azure: no success marker in recent log lines
[2026-06-07 13:00:03] ALERT: AWS: no success marker in recent log lines; GCP: no success marker in recent log lines; Azure: no success marker in recent log lines
[2026-06-07 16:14:24] ALERT: AWS: stale log ( minutes old); GCP: stale log ( minutes old); Azure: stale log ( minutes old)
[2026-06-07 17:38:26] ALERT: AWS: stale log ( minutes old); GCP: stale log ( minutes old); Azure: stale log ( minutes old)
[2026-06-07 18:15:02] ALERT: AWS: no success marker in recent log lines; GCP: no success marker in recent log lines; Azure: no success marker in recent log lines
